Lockfile is up to date, resolution step is skipped
Progress: resolved 1, reused 0, downloaded 0, added 0
Packages: +1906
++++++++++++++++++++++++++++++++++++++++++++++++++++++++++++++++++++++++++++++++
Progress: resolved 1906, reused 1493, downloaded 0, added 0
Progress: resolved 1906, reused 1905, downloaded 0, added 222
Progress: resolved 1906, reused 1905, downloaded 0, added 523
Progress: resolved 1906, reused 1905, downloaded 0, added 811
Progress: resolved 1906, reused 1905, downloaded 0, added 1119
Progress: resolved 1906, reused 1905, downloaded 0, added 1284
Progress: resolved 1906, reused 1905, downloaded 0, added 1416
Progress: resolved 1906, reused 1905, downloaded 0, added 1644
Progress: resolved 1906, reused 1905, downloaded 0, added 1903
Progress: resolved 1906, reused 1905, downloaded 0, added 1905
Progress: resolved 1906, reused 1905, downloaded 0, added 1906, done

dependencies:
+ @ai-sdk/react 3.0.140
+ @base-ui/react 1.3.0
+ @hookform/resolvers 5.2.2
+ @line/liff 2.29.1
+ @portabletext/react 6.0.3
+ @portabletext/types 4.0.2
+ @sanity/image-url 1.2.0
+ @sanity/vision 5.18.0
+ @sentry/nextjs 10.46.0
+ @upstash/ratelimit 2.0.8
+ @upstash/redis 1.37.0
+ ai 6.0.138
+ class-variance-authority 0.7.1
+ clsx 2.1.1
+ cmdk 1.1.1
+ date-fns 4.1.0
+ embla-carousel-react 8.6.0
+ firebase 12.10.0
+ firebase-admin 13.7.0
+ input-otp 1.4.2
+ lenis 1.3.20
+ lucide-react 0.577.0
+ motion 12.38.0
+ next 16.2.1
+ next-intl 4.8.3
+ next-sanity 12.2.1
+ next-themes 0.4.6
+ radix-ui 1.4.3
+ react 19.2.4
+ react-day-picker 9.14.0
+ react-dom 19.2.4
+ react-hook-form 7.72.0
+ react-resizable-panels 4.7.5
+ recharts 2.15.4
+ resend 6.9.4
+ sanity 5.18.0
+ sonner 2.0.7
+ styled-components 6.3.11
+ tailwind-merge 3.5.0
+ vaul 1.1.2
+ zod 4.3.6

devDependencies:
+ @chromatic-com/storybook 5.0.2
+ @notionhq/client 2.3.0
+ @playwright/test 1.58.2
+ @storybook/addon-a11y 10.3.3
+ @storybook/addon-docs 10.3.3
+ @storybook/addon-onboarding 10.3.3
+ @storybook/addon-vitest 10.3.3
+ @storybook/nextjs-vite 10.3.3
+ @tailwindcss/postcss 4.2.1
+ @tailwindcss/vite 4.2.2
+ @tokens-studio/sd-transforms 2.0.3
+ @types/node 25.3.5
+ @types/react 19.2.14
+ @types/react-dom 19.2.3
+ @vitest/browser-playwright 4.1.1
+ @vitest/coverage-v8 4.1.1
+ chromatic 15.3.1
+ eslint 9.39.4
+ eslint-config-next 16.2.1
+ eslint-plugin-storybook 10.3.3
+ playwright 1.58.2
+ postcss 8.5.8
+ storybook 10.3.3
+ style-dictionary 5.4.0
+ tailwindcss 4.2.1
+ tsx 4.21.0
+ typescript 5.9.3
+ vite 8.0.2
+ vitest 4.1.1

╭ Warning ─────────────────────────────────────────────────────────────────────╮
│                                                                              │
│   Ignored build scripts: @firebase/util@1.14.0, @parcel/watcher@2.5.6,       │
│   @sentry/cli@2.58.5, @swc/core@1.15.18, esbuild@0.27.3, esbuild@0.27.4,     │
│   protobufjs@7.5.4, sharp@0.34.5, unrs-resolver@1.11.1.                      │
│   Run "pnpm approve-builds" to pick which dependencies should be allowed     │
│   to run scripts.                                                            │
│                                                                              │
╰──────────────────────────────────────────────────────────────────────────────╯
Done in 10.8s using pnpm v10.30.0
EXIT=0
